

================================================================
== Vitis HLS Report for 'A_IO_L2_in_intra_trans_Pipeline_VITIS_LOOP_61_1_VI'
================================================================
* Date:           Sat Oct 15 12:55:01 2022

* Version:        2021.1 (Build 3247384 on Thu Jun 10 19:36:07 MDT 2021)
* Project:        hls_prj
* Solution:       solution1 (Vivado IP Flow Target)
* Product family: virtexuplus
* Target device:  xcu200-fsgd2104-2-e


================================================================
== Performance Estimates
================================================================
+ Timing: 
    * Summary: 
    +--------+---------+----------+------------+
    |  Clock |  Target | Estimated| Uncertainty|
    +--------+---------+----------+------------+
    |ap_clk  |  5.00 ns|  2.612 ns|     1.35 ns|
    +--------+---------+----------+------------+

+ Latency: 
    * Summary: 
    +---------+---------+----------+----------+-----+-----+---------+
    |  Latency (cycles) |  Latency (absolute) |  Interval | Pipeline|
    |   min   |   max   |    min   |    max   | min | max |   Type  |
    +---------+---------+----------+----------+-----+-----+---------+
    |      258|      258|  1.290 us|  1.290 us|  258|  258|       no|
    +---------+---------+----------+----------+-----+-----+---------+

    + Detail: 
        * Instance: 
        N/A

        * Loop: 
        +-----------------------------------+---------+---------+----------+-----------+-----------+------+----------+
        |                                   |  Latency (cycles) | Iteration|  Initiation Interval  | Trip |          |
        |             Loop Name             |   min   |   max   |  Latency |  achieved |   target  | Count| Pipelined|
        +-----------------------------------+---------+---------+----------+-----------+-----------+------+----------+
        |- VITIS_LOOP_61_1_VITIS_LOOP_63_2  |      256|      256|         2|          1|          1|   256|       yes|
        +-----------------------------------+---------+---------+----------+-----------+-----------+------+----------+



================================================================
== Utilization Estimates
================================================================
* Summary: 
+---------------------+---------+------+---------+---------+-----+
|         Name        | BRAM_18K|  DSP |    FF   |   LUT   | URAM|
+---------------------+---------+------+---------+---------+-----+
|DSP                  |        -|     -|        -|        -|    -|
|Expression           |        -|     -|        0|       58|    -|
|FIFO                 |        -|     -|        -|        -|    -|
|Instance             |        -|     -|        -|        -|    -|
|Memory               |        -|     -|        -|        -|    -|
|Multiplexer          |        -|     -|        -|       63|    -|
|Register             |        -|     -|       17|        -|    -|
+---------------------+---------+------+---------+---------+-----+
|Total                |        0|     0|       17|      121|    0|
+---------------------+---------+------+---------+---------+-----+
|Available SLR        |     1440|  2280|   788160|   394080|  320|
+---------------------+---------+------+---------+---------+-----+
|Utilization SLR (%)  |        0|     0|       ~0|       ~0|    0|
+---------------------+---------+------+---------+---------+-----+
|Available            |     4320|  6840|  2364480|  1182240|  960|
+---------------------+---------+------+---------+---------+-----+
|Utilization (%)      |        0|     0|       ~0|       ~0|    0|
+---------------------+---------+------+---------+---------+-----+

+ Detail: 
    * Instance: 
    N/A

    * DSP: 
    N/A

    * Memory: 
    N/A

    * FIFO: 
    N/A

    * Expression: 
    +---------------------------+----------+----+---+----+------------+------------+
    |       Variable Name       | Operation| DSP| FF| LUT| Bitwidth P0| Bitwidth P1|
    +---------------------------+----------+----+---+----+------------+------------+
    |add_ln1069_fu_100_p2       |         +|   0|  0|  16|           9|           1|
    |add_ln870_fu_128_p2        |         +|   0|  0|  12|           5|           1|
    |ap_block_pp0_stage0_01001  |       and|   0|  0|   2|           1|           1|
    |icmp_ln1069_43_fu_109_p2   |      icmp|   0|  0|  10|           5|           6|
    |icmp_ln1069_fu_94_p2       |      icmp|   0|  0|  11|           9|          10|
    |select_ln61_fu_115_p3      |    select|   0|  0|   5|           1|           1|
    |ap_enable_pp0              |       xor|   0|  0|   2|           1|           2|
    +---------------------------+----------+----+---+----+------------+------------+
    |Total                      |          |   0|  0|  58|          31|          22|
    +---------------------------+----------+----+---+----+------------+------------+

    * Multiplexer: 
    +--------------------------------------+----+-----------+-----+-----------+
    |                 Name                 | LUT| Input Size| Bits| Total Bits|
    +--------------------------------------+----+-----------+-----+-----------+
    |ap_done_int                           |   9|          2|    1|          2|
    |ap_enable_reg_pp0_iter1               |   9|          2|    1|          2|
    |ap_sig_allocacmp_c7_V_load            |   9|          2|    5|         10|
    |ap_sig_allocacmp_indvar_flatten_load  |   9|          2|    9|         18|
    |c7_V_fu_52                            |   9|          2|    5|         10|
    |fifo_A_PE_15_01549_blk_n              |   9|          2|    1|          2|
    |indvar_flatten_fu_56                  |   9|          2|    9|         18|
    +--------------------------------------+----+-----------+-----+-----------+
    |Total                                 |  63|         14|   31|         62|
    +--------------------------------------+----+-----------+-----+-----------+

    * Register: 
    +-------------------------+---+----+-----+-----------+
    |           Name          | FF| LUT| Bits| Const Bits|
    +-------------------------+---+----+-----+-----------+
    |ap_CS_fsm                |  1|   0|    1|          0|
    |ap_done_reg              |  1|   0|    1|          0|
    |ap_enable_reg_pp0_iter1  |  1|   0|    1|          0|
    |c7_V_fu_52               |  5|   0|    5|          0|
    |indvar_flatten_fu_56     |  9|   0|    9|          0|
    +-------------------------+---+----+-----+-----------+
    |Total                    | 17|   0|   17|          0|
    +-------------------------+---+----+-----+-----------+



================================================================
== Interface
================================================================
* Summary: 
+---------------------------+-----+-----+------------+----------------------------------------------------+--------------+
|         RTL Ports         | Dir | Bits|  Protocol  |                    Source Object                   |    C Type    |
+---------------------------+-----+-----+------------+----------------------------------------------------+--------------+
|ap_clk                     |   in|    1|  ap_ctrl_hs|  A_IO_L2_in_intra_trans_Pipeline_VITIS_LOOP_61_1_VI|  return value|
|ap_rst                     |   in|    1|  ap_ctrl_hs|  A_IO_L2_in_intra_trans_Pipeline_VITIS_LOOP_61_1_VI|  return value|
|ap_start                   |   in|    1|  ap_ctrl_hs|  A_IO_L2_in_intra_trans_Pipeline_VITIS_LOOP_61_1_VI|  return value|
|ap_done                    |  out|    1|  ap_ctrl_hs|  A_IO_L2_in_intra_trans_Pipeline_VITIS_LOOP_61_1_VI|  return value|
|ap_idle                    |  out|    1|  ap_ctrl_hs|  A_IO_L2_in_intra_trans_Pipeline_VITIS_LOOP_61_1_VI|  return value|
|ap_ready                   |  out|    1|  ap_ctrl_hs|  A_IO_L2_in_intra_trans_Pipeline_VITIS_LOOP_61_1_VI|  return value|
|fifo_A_PE_15_01549_din     |  out|  512|     ap_fifo|                                  fifo_A_PE_15_01549|       pointer|
|fifo_A_PE_15_01549_full_n  |   in|    1|     ap_fifo|                                  fifo_A_PE_15_01549|       pointer|
|fifo_A_PE_15_01549_write   |  out|    1|     ap_fifo|                                  fifo_A_PE_15_01549|       pointer|
|local_A_address0           |  out|    4|   ap_memory|                                             local_A|         array|
|local_A_ce0                |  out|    1|   ap_memory|                                             local_A|         array|
|local_A_q0                 |   in|  512|   ap_memory|                                             local_A|         array|
+---------------------------+-----+-----+------------+----------------------------------------------------+--------------+

