

================================================================
== Vitis HLS Report for 'A_IO_L2_in_boundary'
================================================================
* Date:           Sat Oct 15 12:55:13 2022

* Version:        2021.1 (Build 3247384 on Thu Jun 10 19:36:07 MDT 2021)
* Project:        hls_prj
* Solution:       solution1 (Vivado IP Flow Target)
* Product family: virtexuplus
* Target device:  xcu200-fsgd2104-2-e


================================================================
== Performance Estimates
================================================================
+ Timing: 
    * Summary: 
    +--------+---------+----------+------------+
    |  Clock |  Target | Estimated| Uncertainty|
    +--------+---------+----------+------------+
    |ap_clk  |  5.00 ns|  2.612 ns|     1.35 ns|
    +--------+---------+----------+------------+

+ Latency: 
    * Summary: 
    +---------+---------+-----------+----------+-------+--------+---------+
    |  Latency (cycles) |  Latency (absolute)  |    Interval    | Pipeline|
    |   min   |   max   |    min    |    max   |  min  |   max  |   Type  |
    +---------+---------+-----------+----------+-------+--------+---------+
    |    10283|   133933|  51.415 us|  0.670 ms|  10283|  133933|       no|
    +---------+---------+-----------+----------+-------+--------+---------+

    + Detail: 
        * Instance: 
        +--------------------------------------------+---------------------------------+---------+---------+-----------+-----------+-----+-----+---------+
        |                                            |                                 |  Latency (cycles) |   Latency (absolute)  |  Interval | Pipeline|
        |                  Instance                  |              Module             |   min   |   max   |    min    |    max    | min | max |   Type  |
        +--------------------------------------------+---------------------------------+---------+---------+-----------+-----------+-----+-----+---------+
        |grp_A_IO_L2_in_intra_trans_fu_146           |A_IO_L2_in_intra_trans           |        1|      259|   5.000 ns|   1.295 us|    1|  259|       no|
        |grp_A_IO_L2_in_inter_trans_boundary_fu_156  |A_IO_L2_in_inter_trans_boundary  |       18|       18|  90.000 ns|  90.000 ns|   18|   18|       no|
        +--------------------------------------------+---------------------------------+---------+---------+-----------+-----------+-----+-----+---------+

        * Loop: 
        +-----------------------+---------+---------+--------------+-----------+-----------+------+----------+
        |                       |  Latency (cycles) |   Iteration  |  Initiation Interval  | Trip |          |
        |       Loop Name       |   min   |   max   |    Latency   |  achieved |   target  | Count| Pipelined|
        +-----------------------+---------+---------+--------------+-----------+-----------+------+----------+
        |- VITIS_LOOP_260_1     |    10280|   133672|  2570 ~ 33418|          -|          -|     4|        no|
        | + VITIS_LOOP_261_2    |     2568|    33416|    642 ~ 8354|          -|          -|     4|        no|
        |  ++ VITIS_LOOP_262_3  |      640|     8352|      20 ~ 261|          -|          -|    32|        no|
        +-----------------------+---------+---------+--------------+-----------+-----------+------+----------+



================================================================
== Utilization Estimates
================================================================
* Summary: 
+---------------------+---------+------+---------+---------+-----+
|         Name        | BRAM_18K|  DSP |    FF   |   LUT   | URAM|
+---------------------+---------+------+---------+---------+-----+
|DSP                  |        -|     -|        -|        -|    -|
|Expression           |        -|     -|        0|       67|    -|
|FIFO                 |        -|     -|        -|        -|    -|
|Instance             |        -|     -|       33|      217|    -|
|Memory               |       16|     -|        0|        0|    -|
|Multiplexer          |        -|     -|        -|      229|    -|
|Register             |        -|     -|       38|        -|    -|
+---------------------+---------+------+---------+---------+-----+
|Total                |       16|     0|       71|      513|    0|
+---------------------+---------+------+---------+---------+-----+
|Available SLR        |     1440|  2280|   788160|   394080|  320|
+---------------------+---------+------+---------+---------+-----+
|Utilization SLR (%)  |        1|     0|       ~0|       ~0|    0|
+---------------------+---------+------+---------+---------+-----+
|Available            |     4320|  6840|  2364480|  1182240|  960|
+---------------------+---------+------+---------+---------+-----+
|Utilization (%)      |       ~0|     0|       ~0|       ~0|    0|
+---------------------+---------+------+---------+---------+-----+

+ Detail: 
    * Instance: 
    +--------------------------------------------+---------------------------------+---------+----+----+-----+-----+
    |                  Instance                  |              Module             | BRAM_18K| DSP| FF | LUT | URAM|
    +--------------------------------------------+---------------------------------+---------+----+----+-----+-----+
    |grp_A_IO_L2_in_inter_trans_boundary_fu_156  |A_IO_L2_in_inter_trans_boundary  |        0|   0|  13|   71|    0|
    |grp_A_IO_L2_in_intra_trans_fu_146           |A_IO_L2_in_intra_trans           |        0|   0|  20|  146|    0|
    +--------------------------------------------+---------------------------------+---------+----+----+-----+-----+
    |Total                                       |                                 |        0|   0|  33|  217|    0|
    +--------------------------------------------+---------------------------------+---------+----+----+-----+-----+

    * DSP: 
    N/A

    * Memory: 
    +------------------+----------------------------+---------+---+----+-----+------+-----+------+-------------+
    |      Memory      |           Module           | BRAM_18K| FF| LUT| URAM| Words| Bits| Banks| W*Bits*Banks|
    +------------------+----------------------------+---------+---+----+-----+------+-----+------+-------------+
    |local_A_ping_V_U  |A_IO_L2_in7_local_A_ping_V  |        8|  0|   0|    0|    16|  512|     1|         8192|
    |local_A_pong_V_U  |A_IO_L2_in7_local_A_ping_V  |        8|  0|   0|    0|    16|  512|     1|         8192|
    +------------------+----------------------------+---------+---+----+-----+------+-----+------+-------------+
    |Total             |                            |       16|  0|   0|    0|    32| 1024|     2|        16384|
    +------------------+----------------------------+---------+---+----+-----+------+-----+------+-------------+

    * FIFO: 
    N/A

    * Expression: 
    +---------------------------------+----------+----+---+----+------------+------------+
    |          Variable Name          | Operation| DSP| FF| LUT| Bitwidth P0| Bitwidth P1|
    +---------------------------------+----------+----+---+----+------------+------------+
    |add_ln870_43_fu_189_p2           |         +|   0|  0|  10|           3|           1|
    |add_ln870_44_fu_205_p2           |         +|   0|  0|  13|           6|           1|
    |add_ln870_fu_177_p2              |         +|   0|  0|  10|           3|           1|
    |icmp_ln1069_44_fu_183_p2         |      icmp|   0|  0|   9|           3|           4|
    |icmp_ln1069_45_fu_199_p2         |      icmp|   0|  0|  10|           6|           7|
    |icmp_ln1069_fu_171_p2            |      icmp|   0|  0|   9|           3|           4|
    |ap_block_state1                  |        or|   0|  0|   2|           1|           1|
    |ap_block_state5_on_subcall_done  |        or|   0|  0|   2|           1|           1|
    |arb_fu_211_p2                    |       xor|   0|  0|   2|           1|           2|
    +---------------------------------+----------+----+---+----+------------+------------+
    |Total                            |          |   0|  0|  67|          27|          22|
    +---------------------------------+----------+----+---+----+------------+------------+

    * Multiplexer: 
    +---------------------------------------------------------+----+-----------+-----+-----------+
    |                           Name                          | LUT| Input Size| Bits| Total Bits|
    +---------------------------------------------------------+----+-----------+-----+-----------+
    |ap_NS_fsm                                                |  37|          7|    1|          7|
    |ap_done                                                  |   9|          2|    1|          2|
    |arb_3_reg_134                                            |   9|          2|    1|          2|
    |c0_V_fu_60                                               |   9|          2|    3|          6|
    |c1_V_reg_86                                              |   9|          2|    3|          6|
    |c2_V_reg_110                                             |   9|          2|    6|         12|
    |fifo_A_A_IO_L2_in_151277_read                            |   9|          2|    1|          2|
    |fifo_A_PE_15_01549_write                                 |   9|          2|    1|          2|
    |grp_A_IO_L2_in_intra_trans_fu_146_intra_trans_en_offset  |  14|          3|    1|          3|
    |grp_A_IO_L2_in_intra_trans_fu_146_local_A_q0             |  14|          3|  512|       1536|
    |intra_trans_en_5_reg_97                                  |   9|          2|    1|          2|
    |intra_trans_en_6_reg_121                                 |   9|          2|    1|          2|
    |local_A_ping_V_address0                                  |  14|          3|    4|         12|
    |local_A_ping_V_ce0                                       |  14|          3|    1|          3|
    |local_A_ping_V_we0                                       |   9|          2|    1|          2|
    |local_A_pong_V_address0                                  |  14|          3|    4|         12|
    |local_A_pong_V_ce0                                       |  14|          3|    1|          3|
    |local_A_pong_V_we0                                       |   9|          2|    1|          2|
    |real_start                                               |   9|          2|    1|          2|
    +---------------------------------------------------------+----+-----------+-----+-----------+
    |Total                                                    | 229|         49|  545|       1618|
    +---------------------------------------------------------+----+-----------+-----+-----------+

    * Register: 
    +---------------------------------------------------------+---+----+-----+-----------+
    |                           Name                          | FF| LUT| Bits| Const Bits|
    +---------------------------------------------------------+---+----+-----+-----------+
    |add_ln870_43_reg_235                                     |  3|   0|    3|          0|
    |add_ln870_44_reg_243                                     |  6|   0|    6|          0|
    |add_ln870_reg_227                                        |  3|   0|    3|          0|
    |ap_CS_fsm                                                |  6|   0|    6|          0|
    |ap_done_reg                                              |  1|   0|    1|          0|
    |arb_3_reg_134                                            |  1|   0|    1|          0|
    |c0_V_fu_60                                               |  3|   0|    3|          0|
    |c1_V_reg_86                                              |  3|   0|    3|          0|
    |c2_V_reg_110                                             |  6|   0|    6|          0|
    |grp_A_IO_L2_in_inter_trans_boundary_fu_156_ap_start_reg  |  1|   0|    1|          0|
    |grp_A_IO_L2_in_intra_trans_fu_146_ap_start_reg           |  1|   0|    1|          0|
    |intra_trans_en_5_reg_97                                  |  1|   0|    1|          0|
    |intra_trans_en_6_reg_121                                 |  1|   0|    1|          0|
    |intra_trans_en_reg_72                                    |  1|   0|    1|          0|
    |start_once_reg                                           |  1|   0|    1|          0|
    +---------------------------------------------------------+---+----+-----+-----------+
    |Total                                                    | 38|   0|   38|          0|
    +---------------------------------------------------------+---+----+-----+-----------+



================================================================
== Interface
================================================================
* Summary: 
+----------------------------------+-----+-----+------------+--------------------------+--------------+
|             RTL Ports            | Dir | Bits|  Protocol  |       Source Object      |    C Type    |
+----------------------------------+-----+-----+------------+--------------------------+--------------+
|ap_clk                            |   in|    1|  ap_ctrl_hs|       A_IO_L2_in_boundary|  return value|
|ap_rst                            |   in|    1|  ap_ctrl_hs|       A_IO_L2_in_boundary|  return value|
|ap_start                          |   in|    1|  ap_ctrl_hs|       A_IO_L2_in_boundary|  return value|
|start_full_n                      |   in|    1|  ap_ctrl_hs|       A_IO_L2_in_boundary|  return value|
|ap_done                           |  out|    1|  ap_ctrl_hs|       A_IO_L2_in_boundary|  return value|
|ap_continue                       |   in|    1|  ap_ctrl_hs|       A_IO_L2_in_boundary|  return value|
|ap_idle                           |  out|    1|  ap_ctrl_hs|       A_IO_L2_in_boundary|  return value|
|ap_ready                          |  out|    1|  ap_ctrl_hs|       A_IO_L2_in_boundary|  return value|
|start_out                         |  out|    1|  ap_ctrl_hs|       A_IO_L2_in_boundary|  return value|
|start_write                       |  out|    1|  ap_ctrl_hs|       A_IO_L2_in_boundary|  return value|
|fifo_A_A_IO_L2_in_151277_dout     |   in|  512|     ap_fifo|  fifo_A_A_IO_L2_in_151277|       pointer|
|fifo_A_A_IO_L2_in_151277_empty_n  |   in|    1|     ap_fifo|  fifo_A_A_IO_L2_in_151277|       pointer|
|fifo_A_A_IO_L2_in_151277_read     |  out|    1|     ap_fifo|  fifo_A_A_IO_L2_in_151277|       pointer|
|fifo_A_PE_15_01549_din            |  out|  512|     ap_fifo|        fifo_A_PE_15_01549|       pointer|
|fifo_A_PE_15_01549_full_n         |   in|    1|     ap_fifo|        fifo_A_PE_15_01549|       pointer|
|fifo_A_PE_15_01549_write          |  out|    1|     ap_fifo|        fifo_A_PE_15_01549|       pointer|
+----------------------------------+-----+-----+------------+--------------------------+--------------+

