

================================================================
== Vitis HLS Report for 'C_drain_IO_L2_out579_Pipeline_VITIS_LOOP_1101_6_VI'
================================================================
* Date:           Sat Oct 15 13:02:20 2022

* Version:        2021.1 (Build 3247384 on Thu Jun 10 19:36:07 MDT 2021)
* Project:        hls_prj
* Solution:       solution1 (Vivado IP Flow Target)
* Product family: virtexuplus
* Target device:  xcu200-fsgd2104-2-e


================================================================
== Performance Estimates
================================================================
+ Timing: 
    * Summary: 
    +--------+---------+----------+------------+
    |  Clock |  Target | Estimated| Uncertainty|
    +--------+---------+----------+------------+
    |ap_clk  |  5.00 ns|  2.856 ns|     1.35 ns|
    +--------+---------+----------+------------+

+ Latency: 
    * Summary: 
    +---------+---------+----------+----------+-----+-----+---------+
    |  Latency (cycles) |  Latency (absolute) |  Interval | Pipeline|
    |   min   |   max   |    min   |    max   | min | max |   Type  |
    +---------+---------+----------+----------+-----+-----+---------+
    |      258|      258|  1.290 us|  1.290 us|  258|  258|       no|
    +---------+---------+----------+----------+-----+-----+---------+

    + Detail: 
        * Instance: 
        N/A

        * Loop: 
        +---------------------------------------+---------+---------+----------+-----------+-----------+------+----------+
        |                                       |  Latency (cycles) | Iteration|  Initiation Interval  | Trip |          |
        |               Loop Name               |   min   |   max   |  Latency |  achieved |   target  | Count| Pipelined|
        +---------------------------------------+---------+---------+----------+-----------+-----------+------+----------+
        |- VITIS_LOOP_1101_6_VITIS_LOOP_1103_7  |      256|      256|         2|          1|          1|   256|       yes|
        +---------------------------------------+---------+---------+----------+-----------+-----------+------+----------+



================================================================
== Utilization Estimates
================================================================
* Summary: 
+---------------------+---------+------+---------+---------+-----+
|         Name        | BRAM_18K|  DSP |    FF   |   LUT   | URAM|
+---------------------+---------+------+---------+---------+-----+
|DSP                  |        -|     -|        -|        -|    -|
|Expression           |        -|     -|        0|       33|    -|
|FIFO                 |        -|     -|        -|        -|    -|
|Instance             |        -|     -|        -|        -|    -|
|Memory               |        -|     -|        -|        -|    -|
|Multiplexer          |        -|     -|        -|       54|    -|
|Register             |        -|     -|       12|        -|    -|
+---------------------+---------+------+---------+---------+-----+
|Total                |        0|     0|       12|       87|    0|
+---------------------+---------+------+---------+---------+-----+
|Available SLR        |     1440|  2280|   788160|   394080|  320|
+---------------------+---------+------+---------+---------+-----+
|Utilization SLR (%)  |        0|     0|       ~0|       ~0|    0|
+---------------------+---------+------+---------+---------+-----+
|Available            |     4320|  6840|  2364480|  1182240|  960|
+---------------------+---------+------+---------+---------+-----+
|Utilization (%)      |        0|     0|       ~0|       ~0|    0|
+---------------------+---------+------+---------+---------+-----+

+ Detail: 
    * Instance: 
    N/A

    * DSP: 
    N/A

    * Memory: 
    N/A

    * FIFO: 
    N/A

    * Expression: 
    +----------------------------------+----------+----+---+----+------------+------------+
    |           Variable Name          | Operation| DSP| FF| LUT| Bitwidth P0| Bitwidth P1|
    +----------------------------------+----------+----+---+----+------------+------------+
    |add_ln1069_fu_76_p2               |         +|   0|  0|  16|           9|           1|
    |ap_block_pp0_stage0_01001         |       and|   0|  0|   2|           1|           1|
    |icmp_ln1069_fu_70_p2              |      icmp|   0|  0|  11|           9|          10|
    |ap_block_state2_pp0_stage0_iter1  |        or|   0|  0|   2|           1|           1|
    |ap_enable_pp0                     |       xor|   0|  0|   2|           1|           2|
    +----------------------------------+----------+----+---+----+------------+------------+
    |Total                             |          |   0|  0|  33|          21|          15|
    +----------------------------------+----------+----+---+----+------------+------------+

    * Multiplexer: 
    +---------------------------------------------+----+-----------+-----+-----------+
    |                     Name                    | LUT| Input Size| Bits| Total Bits|
    +---------------------------------------------+----+-----------+-----+-----------+
    |ap_done_int                                  |   9|          2|    1|          2|
    |ap_enable_reg_pp0_iter1                      |   9|          2|    1|          2|
    |ap_sig_allocacmp_indvar_flatten7_load        |   9|          2|    9|         18|
    |fifo_C_drain_C_drain_IO_L2_out_142364_blk_n  |   9|          2|    1|          2|
    |fifo_C_drain_C_drain_IO_L2_out_152365_blk_n  |   9|          2|    1|          2|
    |indvar_flatten7_fu_44                        |   9|          2|    9|         18|
    +---------------------------------------------+----+-----------+-----+-----------+
    |Total                                        |  54|         12|   22|         44|
    +---------------------------------------------+----+-----------+-----+-----------+

    * Register: 
    +-------------------------+---+----+-----+-----------+
    |           Name          | FF| LUT| Bits| Const Bits|
    +-------------------------+---+----+-----+-----------+
    |ap_CS_fsm                |  1|   0|    1|          0|
    |ap_done_reg              |  1|   0|    1|          0|
    |ap_enable_reg_pp0_iter1  |  1|   0|    1|          0|
    |indvar_flatten7_fu_44    |  9|   0|    9|          0|
    +-------------------------+---+----+-----+-----------+
    |Total                    | 12|   0|   12|          0|
    +-------------------------+---+----+-----+-----------+



================================================================
== Interface
================================================================
* Summary: 
+-----------------------------------------------+-----+-----+------------+----------------------------------------------------+--------------+
|                   RTL Ports                   | Dir | Bits|  Protocol  |                    Source Object                   |    C Type    |
+-----------------------------------------------+-----+-----+------------+----------------------------------------------------+--------------+
|ap_clk                                         |   in|    1|  ap_ctrl_hs|  C_drain_IO_L2_out579_Pipeline_VITIS_LOOP_1101_6_VI|  return value|
|ap_rst                                         |   in|    1|  ap_ctrl_hs|  C_drain_IO_L2_out579_Pipeline_VITIS_LOOP_1101_6_VI|  return value|
|ap_start                                       |   in|    1|  ap_ctrl_hs|  C_drain_IO_L2_out579_Pipeline_VITIS_LOOP_1101_6_VI|  return value|
|ap_done                                        |  out|    1|  ap_ctrl_hs|  C_drain_IO_L2_out579_Pipeline_VITIS_LOOP_1101_6_VI|  return value|
|ap_idle                                        |  out|    1|  ap_ctrl_hs|  C_drain_IO_L2_out579_Pipeline_VITIS_LOOP_1101_6_VI|  return value|
|ap_ready                                       |  out|    1|  ap_ctrl_hs|  C_drain_IO_L2_out579_Pipeline_VITIS_LOOP_1101_6_VI|  return value|
|fifo_C_drain_C_drain_IO_L2_out_152365_dout     |   in|  256|     ap_fifo|               fifo_C_drain_C_drain_IO_L2_out_152365|       pointer|
|fifo_C_drain_C_drain_IO_L2_out_152365_empty_n  |   in|    1|     ap_fifo|               fifo_C_drain_C_drain_IO_L2_out_152365|       pointer|
|fifo_C_drain_C_drain_IO_L2_out_152365_read     |  out|    1|     ap_fifo|               fifo_C_drain_C_drain_IO_L2_out_152365|       pointer|
|fifo_C_drain_C_drain_IO_L2_out_142364_din      |  out|  256|     ap_fifo|               fifo_C_drain_C_drain_IO_L2_out_142364|       pointer|
|fifo_C_drain_C_drain_IO_L2_out_142364_full_n   |   in|    1|     ap_fifo|               fifo_C_drain_C_drain_IO_L2_out_142364|       pointer|
|fifo_C_drain_C_drain_IO_L2_out_142364_write    |  out|    1|     ap_fifo|               fifo_C_drain_C_drain_IO_L2_out_142364|       pointer|
+-----------------------------------------------+-----+-----+------------+----------------------------------------------------+--------------+

