

================================================================
== Vitis HLS Report for 'C_drain_IO_L1_out_wrapper364'
================================================================
* Date:           Sat Oct 15 12:59:31 2022

* Version:        2021.1 (Build 3247384 on Thu Jun 10 19:36:07 MDT 2021)
* Project:        hls_prj
* Solution:       solution1 (Vivado IP Flow Target)
* Product family: virtexuplus
* Target device:  xcu200-fsgd2104-2-e


================================================================
== Performance Estimates
================================================================
+ Timing: 
    * Summary: 
    +--------+---------+----------+------------+
    |  Clock |  Target | Estimated| Uncertainty|
    +--------+---------+----------+------------+
    |ap_clk  |  5.00 ns|  3.165 ns|     1.35 ns|
    +--------+---------+----------+------------+

+ Latency: 
    * Summary: 
    +---------+---------+----------+----------+-----+-----+---------+
    |  Latency (cycles) |  Latency (absolute) |  Interval | Pipeline|
    |   min   |   max   |    min   |    max   | min | max |   Type  |
    +---------+---------+----------+----------+-----+-----+---------+
    |        ?|        ?|         ?|         ?|    ?|    ?|       no|
    +---------+---------+----------+----------+-----+-----+---------+

    + Detail: 
        * Instance: 
        +-----------------------------+-------------------+---------+---------+----------+----------+-----+-----+---------+
        |                             |                   |  Latency (cycles) |  Latency (absolute) |  Interval | Pipeline|
        |           Instance          |       Module      |   min   |   max   |    min   |    max   | min | max |   Type  |
        +-----------------------------+-------------------+---------+---------+----------+----------+-----+-----+---------+
        |grp_C_drain_IO_L1_out_fu_26  |C_drain_IO_L1_out  |        ?|        ?|         ?|         ?|    ?|    ?|       no|
        +-----------------------------+-------------------+---------+---------+----------+----------+-----+-----+---------+

        * Loop: 
        N/A



================================================================
== Utilization Estimates
================================================================
* Summary: 
+---------------------+---------+------+---------+---------+-----+
|         Name        | BRAM_18K|  DSP |    FF   |   LUT   | URAM|
+---------------------+---------+------+---------+---------+-----+
|DSP                  |        -|     -|        -|        -|    -|
|Expression           |        -|     -|        0|        2|    -|
|FIFO                 |        -|     -|        -|        -|    -|
|Instance             |        8|     -|       73|      713|    -|
|Memory               |        -|     -|        -|        -|    -|
|Multiplexer          |        -|     -|        -|       50|    -|
|Register             |        -|     -|        4|        -|    -|
+---------------------+---------+------+---------+---------+-----+
|Total                |        8|     0|       77|      765|    0|
+---------------------+---------+------+---------+---------+-----+
|Available SLR        |     1440|  2280|   788160|   394080|  320|
+---------------------+---------+------+---------+---------+-----+
|Utilization SLR (%)  |       ~0|     0|       ~0|       ~0|    0|
+---------------------+---------+------+---------+---------+-----+
|Available            |     4320|  6840|  2364480|  1182240|  960|
+---------------------+---------+------+---------+---------+-----+
|Utilization (%)      |       ~0|     0|       ~0|       ~0|    0|
+---------------------+---------+------+---------+---------+-----+

+ Detail: 
    * Instance: 
    +-----------------------------+-------------------+---------+----+----+-----+-----+
    |           Instance          |       Module      | BRAM_18K| DSP| FF | LUT | URAM|
    +-----------------------------+-------------------+---------+----+----+-----+-----+
    |grp_C_drain_IO_L1_out_fu_26  |C_drain_IO_L1_out  |        8|   0|  73|  713|    0|
    +-----------------------------+-------------------+---------+----+----+-----+-----+
    |Total                        |                   |        8|   0|  73|  713|    0|
    +-----------------------------+-------------------+---------+----+----+-----+-----+

    * DSP: 
    N/A

    * Memory: 
    N/A

    * FIFO: 
    N/A

    * Expression: 
    +-----------------+----------+----+---+----+------------+------------+
    |  Variable Name  | Operation| DSP| FF| LUT| Bitwidth P0| Bitwidth P1|
    +-----------------+----------+----+---+----+------------+------------+
    |ap_block_state1  |        or|   0|  0|   2|           1|           1|
    +-----------------+----------+----+---+----+------------+------------+
    |Total            |          |   0|  0|   2|           1|           1|
    +-----------------+----------+----+---+----+------------+------------+

    * Multiplexer: 
    +-----------------------------------------------+----+-----------+-----+-----------+
    |                      Name                     | LUT| Input Size| Bits| Total Bits|
    +-----------------------------------------------+----+-----------+-----+-----------+
    |ap_NS_fsm                                      |  14|          3|    1|          3|
    |ap_done                                        |   9|          2|    1|          2|
    |fifo_C_drain_C_drain_IO_L1_out_0_142108_write  |   9|          2|    1|          2|
    |fifo_C_drain_C_drain_IO_L1_out_0_152109_read   |   9|          2|    1|          2|
    |fifo_C_drain_PE_14_01852_read                  |   9|          2|    1|          2|
    +-----------------------------------------------+----+-----------+-----+-----------+
    |Total                                          |  50|         11|    5|         11|
    +-----------------------------------------------+----+-----------+-----+-----------+

    * Register: 
    +------------------------------------------+---+----+-----+-----------+
    |                   Name                   | FF| LUT| Bits| Const Bits|
    +------------------------------------------+---+----+-----+-----------+
    |ap_CS_fsm                                 |  2|   0|    2|          0|
    |ap_done_reg                               |  1|   0|    1|          0|
    |grp_C_drain_IO_L1_out_fu_26_ap_start_reg  |  1|   0|    1|          0|
    +------------------------------------------+---+----+-----+-----------+
    |Total                                     |  4|   0|    4|          0|
    +------------------------------------------+---+----+-----+-----------+



================================================================
== Interface
================================================================
* Summary: 
+-------------------------------------------------+-----+-----+------------+-----------------------------------------+--------------+
|                    RTL Ports                    | Dir | Bits|  Protocol  |              Source Object              |    C Type    |
+-------------------------------------------------+-----+-----+------------+-----------------------------------------+--------------+
|ap_clk                                           |   in|    1|  ap_ctrl_hs|             C_drain_IO_L1_out_wrapper364|  return value|
|ap_rst                                           |   in|    1|  ap_ctrl_hs|             C_drain_IO_L1_out_wrapper364|  return value|
|ap_start                                         |   in|    1|  ap_ctrl_hs|             C_drain_IO_L1_out_wrapper364|  return value|
|ap_done                                          |  out|    1|  ap_ctrl_hs|             C_drain_IO_L1_out_wrapper364|  return value|
|ap_continue                                      |   in|    1|  ap_ctrl_hs|             C_drain_IO_L1_out_wrapper364|  return value|
|ap_idle                                          |  out|    1|  ap_ctrl_hs|             C_drain_IO_L1_out_wrapper364|  return value|
|ap_ready                                         |  out|    1|  ap_ctrl_hs|             C_drain_IO_L1_out_wrapper364|  return value|
|fifo_C_drain_C_drain_IO_L1_out_0_152109_dout     |   in|  256|     ap_fifo|  fifo_C_drain_C_drain_IO_L1_out_0_152109|       pointer|
|fifo_C_drain_C_drain_IO_L1_out_0_152109_empty_n  |   in|    1|     ap_fifo|  fifo_C_drain_C_drain_IO_L1_out_0_152109|       pointer|
|fifo_C_drain_C_drain_IO_L1_out_0_152109_read     |  out|    1|     ap_fifo|  fifo_C_drain_C_drain_IO_L1_out_0_152109|       pointer|
|fifo_C_drain_C_drain_IO_L1_out_0_142108_din      |  out|  256|     ap_fifo|  fifo_C_drain_C_drain_IO_L1_out_0_142108|       pointer|
|fifo_C_drain_C_drain_IO_L1_out_0_142108_full_n   |   in|    1|     ap_fifo|  fifo_C_drain_C_drain_IO_L1_out_0_142108|       pointer|
|fifo_C_drain_C_drain_IO_L1_out_0_142108_write    |  out|    1|     ap_fifo|  fifo_C_drain_C_drain_IO_L1_out_0_142108|       pointer|
|fifo_C_drain_PE_14_01852_dout                    |   in|   16|     ap_fifo|                 fifo_C_drain_PE_14_01852|       pointer|
|fifo_C_drain_PE_14_01852_empty_n                 |   in|    1|     ap_fifo|                 fifo_C_drain_PE_14_01852|       pointer|
|fifo_C_drain_PE_14_01852_read                    |  out|    1|     ap_fifo|                 fifo_C_drain_PE_14_01852|       pointer|
+-------------------------------------------------+-----+-----+------------+-----------------------------------------+--------------+

