

================================================================
== Vitis HLS Report for 'A_IO_L2_in_boundary'
================================================================
* Date:           Sat Oct 15 10:48:37 2022

* Version:        2021.1 (Build 3247384 on Thu Jun 10 19:36:07 MDT 2021)
* Project:        hls_prj
* Solution:       solution1 (Vivado IP Flow Target)
* Product family: virtexuplus
* Target device:  xcu200-fsgd2104-2-e


================================================================
== Performance Estimates
================================================================
+ Timing: 
    * Summary: 
    +--------+---------+----------+------------+
    |  Clock |  Target | Estimated| Uncertainty|
    +--------+---------+----------+------------+
    |ap_clk  |  5.00 ns|  3.193 ns|     1.35 ns|
    +--------+---------+----------+------------+

+ Latency: 
    * Summary: 
    +---------+---------+----------+----------+-----+-------+---------+
    |  Latency (cycles) |  Latency (absolute) |   Interval  | Pipeline|
    |   min   |   max   |    min   |    max   | min |  max  |   Type  |
    +---------+---------+----------+----------+-----+-------+---------+
    |      811|    33645|  4.055 us|  0.168 ms|  811|  33645|       no|
    +---------+---------+----------+----------+-----+-------+---------+

    + Detail: 
        * Instance: 
        N/A

        * Loop: 
        +-----------------------+---------+---------+------------+-----------+-----------+------+----------+
        |                       |  Latency (cycles) |  Iteration |  Initiation Interval  | Trip |          |
        |       Loop Name       |   min   |   max   |   Latency  |  achieved |   target  | Count| Pipelined|
        +-----------------------+---------+---------+------------+-----------+-----------+------+----------+
        |- VITIS_LOOP_270_1     |      808|    33128|  202 ~ 8282|          -|          -|     4|        no|
        | + VITIS_LOOP_271_2    |      200|     8280|   50 ~ 2070|          -|          -|     4|        no|
        |  ++ VITIS_LOOP_272_3  |       48|     2068|    12 ~ 517|          -|          -|     4|        no|
        +-----------------------+---------+---------+------------+-----------+-----------+------+----------+

============================================================
+ Verbose Summary: Synthesis Manager
============================================================
InlineROM: 1
ExposeGlobal: 0
============================================================
+ Verbose Summary: CDFG Model
============================================================
IsTopModel: 0
ResetActiveHigh: 1
IsCombinational: 2
IsDatapathOnly: 0
HasWiredReturn: 1
HasMFsm: 0
HasVarLatency: 1
IsPipeline: 0
IsRtlPipelined: 0
IsInstanceOverlapped: 0
IsDontTouch: 0
HasImplIP: 0
IsGatedGlobalClock: 0


============================================================
+ Verbose Summary: Schedule
============================================================
* Number of FSM states : 6
* Pipeline : 0
* Dataflow Pipeline: 0

* FSM state transitions: 
1 --> 2 
2 --> 6 3 
3 --> 4 2 
4 --> 5 3 
5 --> 4 
6 --> 

* FSM state operations: 

State 1 <SV = 0> <Delay = 0.38>
ST_1 : Operation 7 [1/1] (0.00ns)   --->   "%c0_V = alloca i32 1"   --->   Operation 7 'alloca' 'c0_V' <Predicate = true> <Delay = 0.00>
ST_1 : Operation 8 [1/1] (0.00ns)   --->   "%specmemcore_ln0 = specmemcore void @_ssdm_op_SpecMemCore, i64 %fifo_A_PE_1_079, i64 666, i64 10, i64 18446744073709551615"   --->   Operation 8 'specmemcore' 'specmemcore_ln0' <Predicate = true> <Delay = 0.00>
ST_1 : Operation 9 [1/1] (0.00ns)   --->   "%specmemcore_ln0 = specmemcore void @_ssdm_op_SpecMemCore, i512 %fifo_A_A_IO_L2_in_173, i64 666, i64 10, i64 18446744073709551615"   --->   Operation 9 'specmemcore' 'specmemcore_ln0' <Predicate = true> <Delay = 0.00>
ST_1 : Operation 10 [1/1] (0.00ns)   --->   "%specinterface_ln0 = specinterface void @_ssdm_op_SpecInterface, i64 %fifo_A_PE_1_079, void @empty_49, i32 0, i32 0, void @empty_13, i32 0, i32 0, void @empty_13, void @empty_13, void @empty_13, i32 0, i32 0, i32 0, i32 0, void @empty_13, void @empty_13"   --->   Operation 10 'specinterface' 'specinterface_ln0' <Predicate = true> <Delay = 0.00>
ST_1 : Operation 11 [1/1] (0.00ns)   --->   "%specinterface_ln0 = specinterface void @_ssdm_op_SpecInterface, i512 %fifo_A_A_IO_L2_in_173, void @empty_49, i32 0, i32 0, void @empty_13, i32 0, i32 0, void @empty_13, void @empty_13, void @empty_13, i32 0, i32 0, i32 0, i32 0, void @empty_13, void @empty_13"   --->   Operation 11 'specinterface' 'specinterface_ln0' <Predicate = true> <Delay = 0.00>
ST_1 : Operation 12 [1/1] (0.00ns)   --->   "%local_A_ping_V = alloca i64 1" [src/kernel_kernel.cpp:257]   --->   Operation 12 'alloca' 'local_A_ping_V' <Predicate = true> <Delay = 0.00> <CoreInst = "RAM_2P_BRAM">   --->   Core 94 'RAM_2P_BRAM' <Latency = 1> <II = 1> <Delay = 1.20> <Storage> <Opcode : 'load' 'store'> <Ports = 2> <Width = 512> <Depth = 8> <RAM>
ST_1 : Operation 13 [1/1] (0.00ns)   --->   "%local_A_pong_V = alloca i64 1" [src/kernel_kernel.cpp:259]   --->   Operation 13 'alloca' 'local_A_pong_V' <Predicate = true> <Delay = 0.00> <CoreInst = "RAM_2P_BRAM">   --->   Core 94 'RAM_2P_BRAM' <Latency = 1> <II = 1> <Delay = 1.20> <Storage> <Opcode : 'load' 'store'> <Ports = 2> <Width = 512> <Depth = 8> <RAM>
ST_1 : Operation 14 [1/1] (0.00ns)   --->   "%specmemcore_ln257 = specmemcore void @_ssdm_op_SpecMemCore, i512 %local_A_ping_V, i64 666, i64 22, i64 18446744073709551615" [src/kernel_kernel.cpp:257]   --->   Operation 14 'specmemcore' 'specmemcore_ln257' <Predicate = true> <Delay = 0.00>
ST_1 : Operation 15 [1/1] (0.00ns)   --->   "%specmemcore_ln259 = specmemcore void @_ssdm_op_SpecMemCore, i512 %local_A_pong_V, i64 666, i64 22, i64 18446744073709551615" [src/kernel_kernel.cpp:259]   --->   Operation 15 'specmemcore' 'specmemcore_ln259' <Predicate = true> <Delay = 0.00>
ST_1 : Operation 16 [1/1] (0.38ns)   --->   "%store_ln270 = store i3 0, i3 %c0_V" [src/kernel_kernel.cpp:270]   --->   Operation 16 'store' 'store_ln270' <Predicate = true> <Delay = 0.38>
ST_1 : Operation 17 [1/1] (0.38ns)   --->   "%br_ln270 = br void" [src/kernel_kernel.cpp:270]   --->   Operation 17 'br' 'br_ln270' <Predicate = true> <Delay = 0.38>

State 2 <SV = 1> <Delay = 0.91>
ST_2 : Operation 18 [1/1] (0.00ns)   --->   "%intra_trans_en = phi i1 1, void, i1 0, void"   --->   Operation 18 'phi' 'intra_trans_en' <Predicate = true> <Delay = 0.00>
ST_2 : Operation 19 [1/1] (0.00ns)   --->   "%c0_V_3 = load i3 %c0_V"   --->   Operation 19 'load' 'c0_V_3' <Predicate = true> <Delay = 0.00>
ST_2 : Operation 20 [1/1] (0.49ns)   --->   "%icmp_ln1069 = icmp_eq  i3 %c0_V_3, i3 4"   --->   Operation 20 'icmp' 'icmp_ln1069' <Predicate = true> <Delay = 0.49> <CoreInst = "Cmp">   --->   Core 9 'Cmp' <Latency = 0> <II = 1> <Delay = 0.49> <FuncUnit> <Opcode : 'icmp'> <InPorts = 2> <OutPorts = 1>
ST_2 : Operation 21 [1/1] (0.00ns)   --->   "%empty = speclooptripcount i32 @_ssdm_op_SpecLoopTripCount, i64 4, i64 4, i64 4"   --->   Operation 21 'speclooptripcount' 'empty' <Predicate = true> <Delay = 0.00>
ST_2 : Operation 22 [1/1] (0.57ns)   --->   "%add_ln870 = add i3 %c0_V_3, i3 1"   --->   Operation 22 'add' 'add_ln870' <Predicate = true> <Delay = 0.57> <CoreInst = "Adder">   --->   Core 1 'Adder' <Latency = 0> <II = 1> <Delay = 0.57> <FuncUnit> <Opcode : 'add' 'sub'> <InPorts = 2> <OutPorts = 1>
ST_2 : Operation 23 [1/1] (0.00ns)   --->   "%br_ln270 = br i1 %icmp_ln1069, void %.split4, void" [src/kernel_kernel.cpp:270]   --->   Operation 23 'br' 'br_ln270' <Predicate = true> <Delay = 0.00>
ST_2 : Operation 24 [1/1] (0.00ns)   --->   "%specloopname_ln270 = specloopname void @_ssdm_op_SpecLoopName, void @empty_36" [src/kernel_kernel.cpp:270]   --->   Operation 24 'specloopname' 'specloopname_ln270' <Predicate = (!icmp_ln1069)> <Delay = 0.00>
ST_2 : Operation 25 [1/1] (0.38ns)   --->   "%br_ln271 = br void" [src/kernel_kernel.cpp:271]   --->   Operation 25 'br' 'br_ln271' <Predicate = (!icmp_ln1069)> <Delay = 0.38>
ST_2 : Operation 26 [2/2] (0.41ns)   --->   "%call_ln323 = call void @A_IO_L2_in_intra_trans, i512 %local_A_ping_V, i64 %fifo_A_PE_1_079, i1 1" [src/kernel_kernel.cpp:323]   --->   Operation 26 'call' 'call_ln323' <Predicate = (icmp_ln1069)> <Delay = 0.41> <CoreType = "Generic">   --->   Core 0 '' <Latency = 0> <II = 1> <Delay = 1.00> <Generic> <Opcode : >

State 3 <SV = 2> <Delay = 0.88>
ST_3 : Operation 27 [1/1] (0.00ns)   --->   "%c1_V = phi i3 %add_ln870_16, void, i3 0, void %.split4"   --->   Operation 27 'phi' 'c1_V' <Predicate = true> <Delay = 0.00>
ST_3 : Operation 28 [1/1] (0.00ns)   --->   "%intra_trans_en_5 = phi i1 1, void, i1 %intra_trans_en, void %.split4"   --->   Operation 28 'phi' 'intra_trans_en_5' <Predicate = true> <Delay = 0.00>
ST_3 : Operation 29 [1/1] (0.49ns)   --->   "%icmp_ln1069_22 = icmp_eq  i3 %c1_V, i3 4"   --->   Operation 29 'icmp' 'icmp_ln1069_22' <Predicate = true> <Delay = 0.49> <CoreInst = "Cmp">   --->   Core 9 'Cmp' <Latency = 0> <II = 1> <Delay = 0.49> <FuncUnit> <Opcode : 'icmp'> <InPorts = 2> <OutPorts = 1>
ST_3 : Operation 30 [1/1] (0.00ns)   --->   "%empty_159 = speclooptripcount i32 @_ssdm_op_SpecLoopTripCount, i64 4, i64 4, i64 4"   --->   Operation 30 'speclooptripcount' 'empty_159' <Predicate = true> <Delay = 0.00>
ST_3 : Operation 31 [1/1] (0.57ns)   --->   "%add_ln870_16 = add i3 %c1_V, i3 1"   --->   Operation 31 'add' 'add_ln870_16' <Predicate = true> <Delay = 0.57> <CoreInst = "Adder">   --->   Core 1 'Adder' <Latency = 0> <II = 1> <Delay = 0.57> <FuncUnit> <Opcode : 'add' 'sub'> <InPorts = 2> <OutPorts = 1>
ST_3 : Operation 32 [1/1] (0.00ns)   --->   "%br_ln271 = br i1 %icmp_ln1069_22, void %.split2, void" [src/kernel_kernel.cpp:271]   --->   Operation 32 'br' 'br_ln271' <Predicate = true> <Delay = 0.00>
ST_3 : Operation 33 [1/1] (0.00ns)   --->   "%specloopname_ln271 = specloopname void @_ssdm_op_SpecLoopName, void @empty_46" [src/kernel_kernel.cpp:271]   --->   Operation 33 'specloopname' 'specloopname_ln271' <Predicate = (!icmp_ln1069_22)> <Delay = 0.00>
ST_3 : Operation 34 [1/1] (0.38ns)   --->   "%br_ln272 = br void" [src/kernel_kernel.cpp:272]   --->   Operation 34 'br' 'br_ln272' <Predicate = (!icmp_ln1069_22)> <Delay = 0.38>
ST_3 : Operation 35 [1/1] (0.38ns)   --->   "%store_ln870 = store i3 %add_ln870, i3 %c0_V"   --->   Operation 35 'store' 'store_ln870' <Predicate = (icmp_ln1069_22)> <Delay = 0.38>
ST_3 : Operation 36 [1/1] (0.00ns)   --->   "%br_ln0 = br void"   --->   Operation 36 'br' 'br_ln0' <Predicate = (icmp_ln1069_22)> <Delay = 0.00>

State 4 <SV = 3> <Delay = 0.91>
ST_4 : Operation 37 [1/1] (0.00ns)   --->   "%c2_V = phi i3 0, void %.split2, i3 %add_ln870_17, void"   --->   Operation 37 'phi' 'c2_V' <Predicate = true> <Delay = 0.00>
ST_4 : Operation 38 [1/1] (0.00ns)   --->   "%intra_trans_en_6 = phi i1 %intra_trans_en_5, void %.split2, i1 1, void"   --->   Operation 38 'phi' 'intra_trans_en_6' <Predicate = true> <Delay = 0.00>
ST_4 : Operation 39 [1/1] (0.00ns)   --->   "%arb_3 = phi i1 0, void %.split2, i1 %arb, void"   --->   Operation 39 'phi' 'arb_3' <Predicate = true> <Delay = 0.00>
ST_4 : Operation 40 [1/1] (0.49ns)   --->   "%icmp_ln1069_23 = icmp_eq  i3 %c2_V, i3 4"   --->   Operation 40 'icmp' 'icmp_ln1069_23' <Predicate = true> <Delay = 0.49> <CoreInst = "Cmp">   --->   Core 9 'Cmp' <Latency = 0> <II = 1> <Delay = 0.49> <FuncUnit> <Opcode : 'icmp'> <InPorts = 2> <OutPorts = 1>
ST_4 : Operation 41 [1/1] (0.00ns)   --->   "%empty_160 = speclooptripcount i32 @_ssdm_op_SpecLoopTripCount, i64 4, i64 4, i64 4"   --->   Operation 41 'speclooptripcount' 'empty_160' <Predicate = true> <Delay = 0.00>
ST_4 : Operation 42 [1/1] (0.57ns)   --->   "%add_ln870_17 = add i3 %c2_V, i3 1"   --->   Operation 42 'add' 'add_ln870_17' <Predicate = true> <Delay = 0.57> <CoreInst = "Adder">   --->   Core 1 'Adder' <Latency = 0> <II = 1> <Delay = 0.57> <FuncUnit> <Opcode : 'add' 'sub'> <InPorts = 2> <OutPorts = 1>
ST_4 : Operation 43 [1/1] (0.00ns)   --->   "%br_ln272 = br i1 %icmp_ln1069_23, void %.split, void" [src/kernel_kernel.cpp:272]   --->   Operation 43 'br' 'br_ln272' <Predicate = true> <Delay = 0.00>
ST_4 : Operation 44 [1/1] (0.00ns)   --->   "%specloopname_ln272 = specloopname void @_ssdm_op_SpecLoopName, void @empty_51" [src/kernel_kernel.cpp:272]   --->   Operation 44 'specloopname' 'specloopname_ln272' <Predicate = (!icmp_ln1069_23)> <Delay = 0.00>
ST_4 : Operation 45 [1/1] (0.00ns)   --->   "%br_ln276 = br i1 %arb_3, void, void" [src/kernel_kernel.cpp:276]   --->   Operation 45 'br' 'br_ln276' <Predicate = (!icmp_ln1069_23)> <Delay = 0.00>
ST_4 : Operation 46 [2/2] (0.38ns)   --->   "%call_ln277 = call void @A_IO_L2_in_inter_trans_boundary, i512 %local_A_pong_V, i512 %fifo_A_A_IO_L2_in_173" [src/kernel_kernel.cpp:277]   --->   Operation 46 'call' 'call_ln277' <Predicate = (!icmp_ln1069_23 & !arb_3)> <Delay = 0.38> <CoreType = "Generic">   --->   Core 0 '' <Latency = 0> <II = 1> <Delay = 1.00> <Generic> <Opcode : >
ST_4 : Operation 47 [2/2] (0.41ns)   --->   "%call_ln286 = call void @A_IO_L2_in_intra_trans, i512 %local_A_ping_V, i64 %fifo_A_PE_1_079, i1 %intra_trans_en_6" [src/kernel_kernel.cpp:286]   --->   Operation 47 'call' 'call_ln286' <Predicate = (!icmp_ln1069_23 & !arb_3)> <Delay = 0.41> <CoreType = "Generic">   --->   Core 0 '' <Latency = 0> <II = 1> <Delay = 1.00> <Generic> <Opcode : >
ST_4 : Operation 48 [2/2] (0.38ns)   --->   "%call_ln296 = call void @A_IO_L2_in_inter_trans_boundary, i512 %local_A_ping_V, i512 %fifo_A_A_IO_L2_in_173" [src/kernel_kernel.cpp:296]   --->   Operation 48 'call' 'call_ln296' <Predicate = (!icmp_ln1069_23 & arb_3)> <Delay = 0.38> <CoreType = "Generic">   --->   Core 0 '' <Latency = 0> <II = 1> <Delay = 1.00> <Generic> <Opcode : >
ST_4 : Operation 49 [2/2] (0.41ns)   --->   "%call_ln305 = call void @A_IO_L2_in_intra_trans, i512 %local_A_pong_V, i64 %fifo_A_PE_1_079, i1 %intra_trans_en_6" [src/kernel_kernel.cpp:305]   --->   Operation 49 'call' 'call_ln305' <Predicate = (!icmp_ln1069_23 & arb_3)> <Delay = 0.41> <CoreType = "Generic">   --->   Core 0 '' <Latency = 0> <II = 1> <Delay = 1.00> <Generic> <Opcode : >
ST_4 : Operation 50 [1/1] (0.00ns)   --->   "%br_ln0 = br void"   --->   Operation 50 'br' 'br_ln0' <Predicate = (icmp_ln1069_23)> <Delay = 0.00>

State 5 <SV = 4> <Delay = 0.12>
ST_5 : Operation 51 [1/2] (0.00ns)   --->   "%call_ln277 = call void @A_IO_L2_in_inter_trans_boundary, i512 %local_A_pong_V, i512 %fifo_A_A_IO_L2_in_173" [src/kernel_kernel.cpp:277]   --->   Operation 51 'call' 'call_ln277' <Predicate = (!arb_3)> <Delay = 0.00> <CoreType = "Generic">   --->   Core 0 '' <Latency = 0> <II = 1> <Delay = 1.00> <Generic> <Opcode : >
ST_5 : Operation 52 [1/2] (0.00ns)   --->   "%call_ln286 = call void @A_IO_L2_in_intra_trans, i512 %local_A_ping_V, i64 %fifo_A_PE_1_079, i1 %intra_trans_en_6" [src/kernel_kernel.cpp:286]   --->   Operation 52 'call' 'call_ln286' <Predicate = (!arb_3)> <Delay = 0.00> <CoreType = "Generic">   --->   Core 0 '' <Latency = 0> <II = 1> <Delay = 1.00> <Generic> <Opcode : >
ST_5 : Operation 53 [1/1] (0.00ns)   --->   "%br_ln295 = br void" [src/kernel_kernel.cpp:295]   --->   Operation 53 'br' 'br_ln295' <Predicate = (!arb_3)> <Delay = 0.00>
ST_5 : Operation 54 [1/2] (0.00ns)   --->   "%call_ln296 = call void @A_IO_L2_in_inter_trans_boundary, i512 %local_A_ping_V, i512 %fifo_A_A_IO_L2_in_173" [src/kernel_kernel.cpp:296]   --->   Operation 54 'call' 'call_ln296' <Predicate = (arb_3)> <Delay = 0.00> <CoreType = "Generic">   --->   Core 0 '' <Latency = 0> <II = 1> <Delay = 1.00> <Generic> <Opcode : >
ST_5 : Operation 55 [1/2] (0.00ns)   --->   "%call_ln305 = call void @A_IO_L2_in_intra_trans, i512 %local_A_pong_V, i64 %fifo_A_PE_1_079, i1 %intra_trans_en_6" [src/kernel_kernel.cpp:305]   --->   Operation 55 'call' 'call_ln305' <Predicate = (arb_3)> <Delay = 0.00> <CoreType = "Generic">   --->   Core 0 '' <Latency = 0> <II = 1> <Delay = 1.00> <Generic> <Opcode : >
ST_5 : Operation 56 [1/1] (0.00ns)   --->   "%br_ln0 = br void"   --->   Operation 56 'br' 'br_ln0' <Predicate = (arb_3)> <Delay = 0.00>
ST_5 : Operation 57 [1/1] (0.12ns)   --->   "%arb = xor i1 %arb_3, i1 1" [src/kernel_kernel.cpp:316]   --->   Operation 57 'xor' 'arb' <Predicate = true> <Delay = 0.12> <CoreInst = "LogicGate">   --->   Core 74 'LogicGate' <Latency = 0> <II = 1> <Delay = 0.12> <FuncUnit> <Opcode : 'and' 'or' 'xor'> <InPorts = 2> <OutPorts = 1>
ST_5 : Operation 58 [1/1] (0.00ns)   --->   "%br_ln0 = br void"   --->   Operation 58 'br' 'br_ln0' <Predicate = true> <Delay = 0.00>

State 6 <SV = 2> <Delay = 0.00>
ST_6 : Operation 59 [1/2] (0.00ns)   --->   "%call_ln323 = call void @A_IO_L2_in_intra_trans, i512 %local_A_ping_V, i64 %fifo_A_PE_1_079, i1 1" [src/kernel_kernel.cpp:323]   --->   Operation 59 'call' 'call_ln323' <Predicate = true> <Delay = 0.00> <CoreType = "Generic">   --->   Core 0 '' <Latency = 0> <II = 1> <Delay = 1.00> <Generic> <Opcode : >
ST_6 : Operation 60 [1/1] (0.00ns)   --->   "%ret_ln344 = ret" [src/kernel_kernel.cpp:344]   --->   Operation 60 'ret' 'ret_ln344' <Predicate = true> <Delay = 0.00>


============================================================
+ Verbose Summary: Timing violations
============================================================
Target clock period: 5ns, clock uncertainty: 1.35ns.

 <State 1>: 0.387ns
The critical path consists of the following:
	'alloca' operation ('c0.V') [3]  (0 ns)
	'store' operation ('store_ln270', src/kernel_kernel.cpp:270) of constant 0 on local variable 'c0.V' [12]  (0.387 ns)

 <State 2>: 0.919ns
The critical path consists of the following:
	'load' operation ('c0.V') on local variable 'c0.V' [16]  (0 ns)
	'add' operation ('add_ln870') [19]  (0.572 ns)
	blocking operation 0.347 ns on control path)

 <State 3>: 0.887ns
The critical path consists of the following:
	'phi' operation ('c1.V') with incoming values : ('add_ln870_16') [25]  (0 ns)
	'add' operation ('add_ln870_16') [29]  (0.572 ns)
	blocking operation 0.315 ns on control path)

 <State 4>: 0.919ns
The critical path consists of the following:
	'phi' operation ('c2.V') with incoming values : ('add_ln870_17') [35]  (0 ns)
	'add' operation ('add_ln870_17') [40]  (0.572 ns)
	blocking operation 0.347 ns on control path)

 <State 5>: 0.122ns
The critical path consists of the following:
	'xor' operation ('arb', src/kernel_kernel.cpp:316) [54]  (0.122 ns)

 <State 6>: 0ns
The critical path consists of the following:


============================================================
+ Verbose Summary: Binding
============================================================
N/A
* FSMD analyzer results:
  - Output states:
 - Input state : 
  - Chain level:
	State 1
	State 2
	State 3
	State 4
	State 5
	State 6


============================================================
+ Verbose Summary: Datapath Resource usage 
============================================================
N/A
