

================================================================
== Vitis HLS Report for 'B_IO_L2_in_inter_trans'
================================================================
* Date:           Sat Oct 15 11:10:36 2022

* Version:        2021.1 (Build 3247384 on Thu Jun 10 19:36:07 MDT 2021)
* Project:        hls_prj
* Solution:       solution1 (Vivado IP Flow Target)
* Product family: virtexuplus
* Target device:  xcu200-fsgd2104-2-e


================================================================
== Performance Estimates
================================================================
+ Timing: 
    * Summary: 
    +--------+---------+----------+------------+
    |  Clock |  Target | Estimated| Uncertainty|
    +--------+---------+----------+------------+
    |ap_clk  |  5.00 ns|  2.856 ns|     1.35 ns|
    +--------+---------+----------+------------+

+ Latency: 
    * Summary: 
    +---------+---------+----------+----------+-----+-----+---------+
    |  Latency (cycles) |  Latency (absolute) |  Interval | Pipeline|
    |   min   |   max   |    min   |    max   | min | max |   Type  |
    +---------+---------+----------+----------+-----+-----+---------+
    |       25|       25|  0.125 us|  0.125 us|   25|   25|       no|
    +---------+---------+----------+----------+-----+-----+---------+

    + Detail: 
        * Instance: 
        +------------------------------------------------------------+--------------------------------------------------+---------+---------+-----------+-----------+-----+-----+---------+
        |                                                            |                                                  |  Latency (cycles) |   Latency (absolute)  |  Interval | Pipeline|
        |                          Instance                          |                      Module                      |   min   |   max   |    min    |    max    | min | max |   Type  |
        +------------------------------------------------------------+--------------------------------------------------+---------+---------+-----------+-----------+-----+-----+---------+
        |grp_B_IO_L2_in_inter_trans_Pipeline_VITIS_LOOP_472_3_fu_50  |B_IO_L2_in_inter_trans_Pipeline_VITIS_LOOP_472_3  |       10|       10|  50.000 ns|  50.000 ns|   10|   10|       no|
        |grp_B_IO_L2_in_inter_trans_Pipeline_VITIS_LOOP_460_2_fu_58  |B_IO_L2_in_inter_trans_Pipeline_VITIS_LOOP_460_2  |       10|       10|  50.000 ns|  50.000 ns|   10|   10|       no|
        +------------------------------------------------------------+--------------------------------------------------+---------+---------+-----------+-----------+-----+-----+---------+

        * Loop: 
        +--------------------+---------+---------+----------+-----------+-----------+------+----------+
        |                    |  Latency (cycles) | Iteration|  Initiation Interval  | Trip |          |
        |      Loop Name     |   min   |   max   |  Latency |  achieved |   target  | Count| Pipelined|
        +--------------------+---------+---------+----------+-----------+-----------+------+----------+
        |- VITIS_LOOP_457_1  |       24|       24|        12|          -|          -|     2|        no|
        +--------------------+---------+---------+----------+-----------+-----------+------+----------+



================================================================
== Utilization Estimates
================================================================
* Summary: 
+---------------------+---------+------+---------+---------+-----+
|         Name        | BRAM_18K|  DSP |    FF   |   LUT   | URAM|
+---------------------+---------+------+---------+---------+-----+
|DSP                  |        -|     -|        -|        -|    -|
|Expression           |        -|     -|        0|       27|    -|
|FIFO                 |        -|     -|        -|        -|    -|
|Instance             |        -|     -|       18|      151|    -|
|Memory               |        -|     -|        -|        -|    -|
|Multiplexer          |        -|     -|        -|       52|    -|
|Register             |        -|     -|       10|        -|    -|
+---------------------+---------+------+---------+---------+-----+
|Total                |        0|     0|       28|      230|    0|
+---------------------+---------+------+---------+---------+-----+
|Available SLR        |     1440|  2280|   788160|   394080|  320|
+---------------------+---------+------+---------+---------+-----+
|Utilization SLR (%)  |        0|     0|       ~0|       ~0|    0|
+---------------------+---------+------+---------+---------+-----+
|Available            |     4320|  6840|  2364480|  1182240|  960|
+---------------------+---------+------+---------+---------+-----+
|Utilization (%)      |        0|     0|       ~0|       ~0|    0|
+---------------------+---------+------+---------+---------+-----+

+ Detail: 
    * Instance: 
    +------------------------------------------------------------+--------------------------------------------------+---------+----+----+----+-----+
    |                          Instance                          |                      Module                      | BRAM_18K| DSP| FF | LUT| URAM|
    +------------------------------------------------------------+--------------------------------------------------+---------+----+----+----+-----+
    |grp_B_IO_L2_in_inter_trans_Pipeline_VITIS_LOOP_460_2_fu_58  |B_IO_L2_in_inter_trans_Pipeline_VITIS_LOOP_460_2  |        0|   0|  11|  70|    0|
    |grp_B_IO_L2_in_inter_trans_Pipeline_VITIS_LOOP_472_3_fu_50  |B_IO_L2_in_inter_trans_Pipeline_VITIS_LOOP_472_3  |        0|   0|   7|  81|    0|
    +------------------------------------------------------------+--------------------------------------------------+---------+----+----+----+-----+
    |Total                                                       |                                                  |        0|   0|  18| 151|    0|
    +------------------------------------------------------------+--------------------------------------------------+---------+----+----+----+-----+

    * DSP: 
    N/A

    * Memory: 
    N/A

    * FIFO: 
    N/A

    * Expression: 
    +---------------------------------+----------+----+---+----+------------+------------+
    |          Variable Name          | Operation| DSP| FF| LUT| Bitwidth P0| Bitwidth P1|
    +---------------------------------+----------+----+---+----+------------+------------+
    |add_ln870_fu_80_p2               |         +|   0|  0|   9|           2|           1|
    |icmp_ln1049_fu_86_p2             |      icmp|   0|  0|   8|           2|           1|
    |icmp_ln1069_fu_74_p2             |      icmp|   0|  0|   8|           2|           3|
    |ap_block_state3_on_subcall_done  |        or|   0|  0|   2|           1|           1|
    +---------------------------------+----------+----+---+----+------------+------------+
    |Total                            |          |   0|  0|  27|           7|           6|
    +---------------------------------+----------+----+---+----+------------+------------+

    * Multiplexer: 
    +-----------------------------+----+-----------+-----+-----------+
    |             Name            | LUT| Input Size| Bits| Total Bits|
    +-----------------------------+----+-----------+-----+-----------+
    |ap_NS_fsm                    |  20|          4|    1|          4|
    |c3_V_fu_46                   |   9|          2|    2|          4|
    |fifo_B_B_IO_L2_in_074_read   |  14|          3|    1|          3|
    |fifo_B_B_IO_L2_in_175_write  |   9|          2|    1|          2|
    +-----------------------------+----+-----------+-----+-----------+
    |Total                        |  52|         11|    5|         13|
    +-----------------------------+----+-----------+-----+-----------+

    * Register: 
    +-------------------------------------------------------------------------+---+----+-----+-----------+
    |                                   Name                                  | FF| LUT| Bits| Const Bits|
    +-------------------------------------------------------------------------+---+----+-----+-----------+
    |add_ln870_reg_106                                                        |  2|   0|    2|          0|
    |ap_CS_fsm                                                                |  3|   0|    3|          0|
    |c3_V_fu_46                                                               |  2|   0|    2|          0|
    |grp_B_IO_L2_in_inter_trans_Pipeline_VITIS_LOOP_460_2_fu_58_ap_start_reg  |  1|   0|    1|          0|
    |grp_B_IO_L2_in_inter_trans_Pipeline_VITIS_LOOP_472_3_fu_50_ap_start_reg  |  1|   0|    1|          0|
    |icmp_ln1049_reg_111                                                      |  1|   0|    1|          0|
    +-------------------------------------------------------------------------+---+----+-----+-----------+
    |Total                                                                    | 10|   0|   10|          0|
    +-------------------------------------------------------------------------+---+----+-----+-----------+



================================================================
== Interface
================================================================
* Summary: 
+-------------------------------+-----+-----+------------+------------------------+--------------+
|           RTL Ports           | Dir | Bits|  Protocol  |      Source Object     |    C Type    |
+-------------------------------+-----+-----+------------+------------------------+--------------+
|ap_clk                         |   in|    1|  ap_ctrl_hs|  B_IO_L2_in_inter_trans|  return value|
|ap_rst                         |   in|    1|  ap_ctrl_hs|  B_IO_L2_in_inter_trans|  return value|
|ap_start                       |   in|    1|  ap_ctrl_hs|  B_IO_L2_in_inter_trans|  return value|
|ap_done                        |  out|    1|  ap_ctrl_hs|  B_IO_L2_in_inter_trans|  return value|
|ap_idle                        |  out|    1|  ap_ctrl_hs|  B_IO_L2_in_inter_trans|  return value|
|ap_ready                       |  out|    1|  ap_ctrl_hs|  B_IO_L2_in_inter_trans|  return value|
|local_B_address1               |  out|    3|   ap_memory|                 local_B|         array|
|local_B_ce1                    |  out|    1|   ap_memory|                 local_B|         array|
|local_B_we1                    |  out|    1|   ap_memory|                 local_B|         array|
|local_B_d1                     |  out|  256|   ap_memory|                 local_B|         array|
|fifo_B_B_IO_L2_in_074_dout     |   in|  256|     ap_fifo|   fifo_B_B_IO_L2_in_074|       pointer|
|fifo_B_B_IO_L2_in_074_empty_n  |   in|    1|     ap_fifo|   fifo_B_B_IO_L2_in_074|       pointer|
|fifo_B_B_IO_L2_in_074_read     |  out|    1|     ap_fifo|   fifo_B_B_IO_L2_in_074|       pointer|
|fifo_B_B_IO_L2_in_175_din      |  out|  256|     ap_fifo|   fifo_B_B_IO_L2_in_175|       pointer|
|fifo_B_B_IO_L2_in_175_full_n   |   in|    1|     ap_fifo|   fifo_B_B_IO_L2_in_175|       pointer|
|fifo_B_B_IO_L2_in_175_write    |  out|    1|     ap_fifo|   fifo_B_B_IO_L2_in_175|       pointer|
+-------------------------------+-----+-----+------------+------------------------+--------------+

